\BOOKMARK [0][-]{section*.1}{\376\377\000H\000o\000n\000o\000u\000r\000s\000\040\000T\000h\000e\000s\000i\000s\000\040\000-\000\040\000S\000i\000m\000u\000l\000a\000t\000i\000o\000n\000\040\000o\000f\000\040\000S\000q\000u\000e\000e\000z\000e\000d\000\040\000L\000i\000g\000h\000t\000\040\000G\000e\000n\000e\000r\000a\000t\000i\000o\000n\000\040\000i\000n\000\040\000a\000n\000\040\000O\000p\000t\000i\000c\000a\000l\000\040\000R\000e\000s\000o\000n\000a\000t\000o\000r}{}% 1
\BOOKMARK [1][-]{section*.2}{\376\377\000C\000o\000n\000t\000e\000n\000t\000s}{section*.1}% 2
\BOOKMARK [1][-]{section*.3}{\376\377\000T\000O\000D\000O}{section*.1}% 3
\BOOKMARK [1][-]{section*.4}{\376\377\000P\000r\000o\000j\000e\000c\000t\000\040\000M\000o\000t\000i\000v\000a\000t\000i\000o\000n}{section*.1}% 4
\BOOKMARK [1][-]{section*.6}{\376\377\000B\000a\000c\000k\000g\000r\000o\000u\000n\000d\000\040\000I\000n\000f\000o\000r\000m\000a\000t\000i\000o\000n}{section*.1}% 5
\BOOKMARK [2][-]{section*.7}{\376\377\000E\000l\000e\000c\000t\000r\000o\000m\000a\000g\000n\000e\000t\000i\000c\000a\000l\000l\000y\000\040\000I\000n\000d\000u\000c\000e\000d\000\040\000T\000r\000a\000n\000s\000p\000a\000r\000e\000n\000c\000y}{section*.6}% 6
\BOOKMARK [2][-]{section*.8}{\376\377\000S\000t\000r\000u\000c\000t\000u\000r\000e\000\040\000o\000f\000\040\000a\000t\000o\000m\000i\000c\000\040\000s\000p\000e\000c\000t\000r\000a}{section*.6}% 7
\BOOKMARK [3][-]{section*.9}{\376\377\000F\000i\000n\000e\000\040\000S\000t\000r\000u\000c\000t\000u\000r\000e\000\040\000C\000o\000r\000r\000e\000c\000t\000i\000o\000n\000s}{section*.8}% 8
\BOOKMARK [3][-]{section*.10}{\376\377\000H\000y\000p\000e\000r\000f\000i\000n\000e\000\040\000S\000t\000r\000u\000c\000t\000u\000r\000e\000\040\000C\000o\000r\000r\000e\000c\000t\000i\000o\000n\000s}{section*.8}% 9
\BOOKMARK [2][-]{section*.11}{\376\377\000A\000t\000o\000m\000i\000c\000\040\000t\000r\000a\000n\000s\000i\000t\000i\000o\000n\000s}{section*.6}% 10
\BOOKMARK [2][-]{section*.12}{\376\377\000T\000h\000r\000e\000e\000-\000L\000e\000v\000e\000l\000\040\000A\000t\000o\000m}{section*.6}% 11
\BOOKMARK [2][-]{section*.17}{\376\377\000C\000a\000v\000i\000t\000y\000\040\000e\000n\000h\000a\000n\000c\000e\000d\000\040\000E\000I\000T}{section*.6}% 12
\BOOKMARK [2][-]{section*.18}{\376\377\000O\000p\000t\000i\000c\000a\000l\000\040\000N\000o\000n\000l\000i\000n\000e\000a\000r\000i\000t\000i\000e\000s}{section*.6}% 13
\BOOKMARK [2][-]{section*.19}{\376\377\000F\000o\000u\000r\000\040\000W\000a\000v\000e\000\040\000M\000i\000x\000i\000n\000g}{section*.6}% 14
\BOOKMARK [2][-]{section*.20}{\376\377\000S\000q\000u\000e\000e\000z\000e\000d\000\040\000S\000t\000a\000t\000e\000s}{section*.6}% 15
\BOOKMARK [2][-]{section*.21}{\376\377\000C\000o\000n\000t\000i\000n\000u\000o\000u\000s\000\040\000V\000a\000r\000i\000a\000b\000l\000e\000\040\000Q\000u\000a\000n\000t\000u\000m\000\040\000I\000n\000f\000o\000r\000m\000a\000t\000i\000o\000n}{section*.6}% 16
\BOOKMARK [2][-]{section*.22}{\376\377\000H\000o\000w\000\040\000S\000u\000b\000-\000P\000o\000i\000s\000s\000o\000n\000i\000a\000n\000\040\000L\000i\000g\000h\000t\000\040\000a\000n\000d\000\040\000P\000h\000o\000t\000o\000n\000\040\000A\000n\000t\000i\000-\000B\000u\000n\000c\000h\000i\000n\000g\000\040\000E\000f\000f\000e\000c\000t\000s\000\040\000A\000f\000f\000e\000c\000t\000\040\000C\000o\000n\000t\000i\000n\000u\000o\000u\000s\000\040\000V\000a\000r\000i\000a\000b\000l\000e\000\040\000M\000e\000a\000s\000u\000e\000m\000e\000n\000t\000s}{section*.6}% 17
\BOOKMARK [2][-]{section*.23}{\376\377\000F\000o\000c\000k\000\040\000B\000a\000s\000i\000s}{section*.6}% 18
\BOOKMARK [2][-]{section*.24}{\376\377\000M\000a\000s\000t\000e\000r\000\040\000E\000q\000u\000a\000t\000i\000o\000n}{section*.6}% 19
\BOOKMARK [2][-]{section*.25}{\376\377\000Q\000u\000T\000i\000P\000\040\000P\000y\000t\000h\000o\000n\000\040\000P\000a\000c\000k\000a\000g\000e}{section*.6}% 20
\BOOKMARK [1][-]{section*.26}{\376\377\000T\000h\000e\000\040\000f\000i\000r\000s\000t\000\040\000s\000t\000e\000p\000s}{section*.1}% 21
\BOOKMARK [2][-]{section*.27}{\376\377\000M\000e\000e\000t\000i\000n\000g\000\040\0002\000\040\000w\000i\000t\000h\000\040\000M\000a\000c\000R\000a\000e}{section*.26}% 22
\BOOKMARK [3][-]{section*.28}{\376\377\000H\000a\000m\000i\000l\000t\000o\000n\000i\000a\000n\000\040\000D\000e\000r\000i\000v\000a\000t\000i\000o\000n\000\040\000w\000i\000t\000h\000\040\000l\000i\000g\000h\000t\000\040\000a\000s\000\040\000a\000\040\000c\000l\000a\000s\000s\000i\000c\000a\000l\000\040\000f\000i\000e\000l\000d}{section*.27}% 23
\BOOKMARK [3][-]{section*.29}{\376\377\000a}{section*.27}% 24
\BOOKMARK [2][-]{section*.30}{\376\377\000M\000e\000e\000t\000i\000n\000g\000\040\0003\000\040\000w\000i\000t\000h\000\040\000M\000a\000c\000R\000a\000e}{section*.26}% 25
\BOOKMARK [1][-]{section*.31}{\376\377\000T\000e\000m\000p\000\040\000S\000e\000c\000t\000i\000o\000n\000\040\000-\000\040\000N\000e\000x\000t\000\040\000S\000t\000e\000p\000s}{section*.1}% 26
\BOOKMARK [1][-]{section*.32}{\376\377\000S\000e\000m\000i\000-\000C\000l\000a\000s\000s\000i\000c\000a\000l\000\040\000t\000h\000r\000e\000e\000-\000l\000e\000v\000e\000l\000\040\000a\000t\000o\000m}{section*.1}% 27
\BOOKMARK [1][-]{section*.34}{\376\377\000J\000a\000n\000y\000e\000s\000-\000C\000u\000m\000m\000i\000n\000g\000s\000\040\000M\000o\000d\000e\000l}{section*.1}% 28
\BOOKMARK [2][-]{section*.37}{\376\377\000C\000a\000v\000i\000t\000y\000\040\000E\000I\000T\000\040\000w\000i\000t\000h\000\040\000a\000\040\000-\000S\000y\000s\000t\000e\000m}{section*.34}% 29
\BOOKMARK [1][-]{section*.39}{\376\377\000H\000a\000m\000i\000l\000t\000o\000n\000i\000a\000n\000\040\000F\000o\000r\000m\000u\000l\000a\000t\000i\000o\000n}{section*.1}% 30
\BOOKMARK [1][-]{section*.40}{\376\377\000C\000o\000m\000p\000u\000t\000a\000t\000i\000o\000n\000a\000l\000\040\000M\000e\000t\000h\000o\000d\000s}{section*.1}% 31
\BOOKMARK [1][-]{section*.41}{\376\377\000R\000e\000s\000u\000l\000t\000s}{section*.1}% 32
\BOOKMARK [1][-]{section*.42}{\376\377\000D\000i\000s\000c\000u\000s\000s\000i\000o\000n}{section*.1}% 33
\BOOKMARK [2][-]{section*.43}{\376\377\000C\000o\000n\000d\000i\000t\000i\000o\000n\000s\000\040\000f\000o\000r\000\040\000O\000p\000t\000i\000c\000a\000l\000\040\000S\000q\000u\000e\000e\000z\000i\000n\000g}{section*.42}% 34
